Can't find func
Can't find func
Can't find func
Can't find DEFAULT_TRIM_THRESHOLD
warning, DEFAULT_TRIM_THRESHOLD is not recognised
Can't find DEFAULT_TOP_PAD
warning, DEFAULT_TOP_PAD is not recognised
Can't find DEFAULT_MMAP_THRESHOLD
warning, DEFAULT_MMAP_THRESHOLD is not recognised
Can't find DEFAULT_MMAP_MAX
warning, DEFAULT_MMAP_MAX is not recognised
